// Jest Snapshot v1, https://goo.gl/fbAQLP

exports[`<Requests /> should render correctly 1`] = `
<ContextProvider
  value={null}
>
  <Requests
    fetchRequests={[Function]}
    isLoading={false}
    pagination={Object {}}
    requests={Array []}
    store={
      Object {
        "clearActions": [Function],
        "dispatch": [Function],
        "getActions": [Function],
        "getState": [Function],
        "replaceReducer": [Function],
        "subscribe": [Function],
      }
    }
  />
</ContextProvider>
`;

exports[`<Requests /> should render correctly in loading state 1`] = `
<ContextProvider
  value={null}
>
  <Requests
    fetchRequests={[Function]}
    isLoading={false}
    pagination={Object {}}
    requests={Array []}
    store={
      Object {
        "clearActions": [Function],
        "dispatch": [Function],
        "getActions": [Function],
        "getState": [Function],
        "replaceReducer": [Function],
        "subscribe": [Function],
      }
    }
  />
</ContextProvider>
`;
