// Jest Snapshot v1, https://goo.gl/fbAQLP

exports[`<AddWorkflow /> should post a warning message on Cancel 1`] = `
<ContextProvider
  value={
    Object {
      "store": Object {
        "clearActions": [Function],
        "dispatch": [Function],
        "getActions": [Function],
        "getState": [Function],
        "replaceReducer": [Function],
        "subscribe": [Function],
      },
      "subscription": Subscription {
        "handleChangeWrapper": [Function],
        "listeners": Object {
          "clear": [Function],
          "get": [Function],
          "notify": [Function],
          "subscribe": [Function],
        },
        "onStateChange": [Function],
        "parentSub": undefined,
        "store": Object {
          "clearActions": [Function],
          "dispatch": [Function],
          "getActions": [Function],
          "getState": [Function],
          "replaceReducer": [Function],
          "subscribe": [Function],
        },
        "unsubscribe": [Function],
      },
    }
  }
>
  <MemoryRouter
    initialEntries={
      Array [
        "/workflows/",
        "/workflows/add-workflow/",
        "/workflows/",
      ]
    }
    initialIndex={1}
  >
    <AddWorkflow
      handleChange={[MockFunction]}
      initialValues={Object {}}
      postMethod={[MockFunction]}
      rbacGroups={Array []}
      uuid="123"
    />
  </MemoryRouter>
</ContextProvider>
`;
