// Jest Snapshot v1, https://goo.gl/fbAQLP

exports[`<Workflows /> should render correctly 1`] = `
<ContextProvider
  value={null}
>
  <Workflows
    fetchRbacGroups={[Function]}
    fetchWorkflows={[Function]}
    history={
      Object {
        "goBack": [MockFunction],
        "push": [MockFunction],
      }
    }
    isLoading={false}
    pagination={
      Object {
        "count": 0,
        "limit": 10,
        "offset": 0,
      }
    }
    rbacGroups={Array []}
    store={
      Object {
        "clearActions": [Function],
        "dispatch": [Function],
        "getActions": [Function],
        "getState": [Function],
        "replaceReducer": [Function],
        "subscribe": [Function],
      }
    }
    workflows={Array []}
  />
</ContextProvider>
`;

exports[`<Workflows /> should render correctly in loading state 1`] = `
<ContextProvider
  value={null}
>
  <Workflows
    fetchRbacGroups={[Function]}
    fetchWorkflows={[Function]}
    history={
      Object {
        "goBack": [MockFunction],
        "push": [MockFunction],
      }
    }
    isLoading={false}
    pagination={
      Object {
        "count": 0,
        "limit": 10,
        "offset": 0,
      }
    }
    rbacGroups={Array []}
    store={
      Object {
        "clearActions": [Function],
        "dispatch": [Function],
        "getActions": [Function],
        "getState": [Function],
        "replaceReducer": [Function],
        "subscribe": [Function],
      }
    }
    workflows={Array []}
  />
</ContextProvider>
`;
